<html>
<body>
<pre>
<h1>µVision Build Log</h1>
<h2>Tool Versions:</h2>
IDE-Version: ¦ÌVision V5.21.1.0
Copyright (C) 2016 ARM Ltd and ARM Germany GmbH. All rights reserved.
License Information: 8 DongXiaohui, 8, LIC=R4HV2-9HUJY-NT73G-VJELF-ZVPYP-WJ1ZG
 
Tool Versions:
Toolchain:       MDK-ARM Professional  Version: 5.21a
Toolchain Path:  G:\MDK\ARM\ARMCC\Bin
C Compiler:      Armcc.exe V5.06 update 3 (build 300)
Assembler:       Armasm.exe V5.06 update 3 (build 300)
Linker/Locator:  ArmLink.exe V5.06 update 3 (build 300)
Library Manager: ArmAr.exe V5.06 update 3 (build 300)
Hex Converter:   FromElf.exe V5.06 update 3 (build 300)
CPU DLL:         SARMCM3.DLL V5.21a
Dialog DLL:      DCM.DLL V1.13.8.0
Target DLL:      Segger\JL2CM3.dll V2.99.23.0
Dialog DLL:      TCM.DLL V1.14.14.0
 
<h2>Project:</h2>
E:\VS_GDB\ARM\testF103\F103EncoderE6B2_C\F103EncoderE6B2_C\MDK-ARM\F103EncoderE6B2_C.uvprojx
Project File Date:  03/03/2020

<h2>Output:</h2>
*** Using Compiler 'V5.06 update 3 (build 300)', folder: 'G:\MDK\ARM\ARMCC\Bin'
Build target 'F103EncoderE6B2_C'
compiling main.c...
linking...
Program Size: Code=3904 RO-data=292 RW-data=20 ZI-data=1156  
FromELF: creating hex file...
"F103EncoderE6B2_C\F103EncoderE6B2_C.axf" - 0 Error(s), 0 Warning(s).

<h2>Software Packages used:</h2>

Package Vendor: ARM
                http://www.keil.com/pack/ARM.CMSIS.4.5.0.pack
                ARM::CMSIS:CORE:4.3.0
                CMSIS (Cortex Microcontroller Software Interface Standard)
   * Component: CORE Version: 4.3.0

<h2>Collection of Component include folders:</h2>
  E:\VS_GDB\ARM\testF103\F103EncoderE6B2_C\F103EncoderE6B2_C\MDK-ARM\RTE
  G:\MDK\ARM\PACK\ARM\CMSIS\4.5.0\CMSIS\Include
  G:\MDK\ARM\PACK\Keil\STM32F1xx_DFP\2.3.0\Device\Include

<h2>Collection of Component Files used:</h2>

   * Component: ARM::CMSIS:CORE:4.3.0
Build Time Elapsed:  00:00:04
</pre>
</body>
</html>
